// Jest Snapshot v1, https://goo.gl/fbAQLP

exports[`ProductList tests renders correctly 1`] = `
<div>
  <ul
    class="productContainer"
  >
    <li
      class="product"
    >
      <a
        class="link"
        href="/testTitle/product/1"
      >
        <div
          class="imageBlock"
        >
          <img
            alt="book"
            class="image"
            src="books.jpg"
          />
        </div>
        <div
          class="productInfoBlock"
        >
          <h3
            class="title"
          >
            book
          </h3>
          <h4
            class="price"
          >
            $
            2.33
          </h4>
        </div>
        <time
          class="time"
        >
          a few seconds ago
        </time>
      </a>
    </li>
  </ul>
</div>
`;
