// Jest Snapshot v1, https://goo.gl/fbAQLP

exports[`Footer tests renders correctly 1`] = `
<div>
  <footer
    class="container"
  >
    <a
      class="content"
      href="/contact-us"
    >
      Contact us?
    </a>
  </footer>
</div>
`;
