// Jest Snapshot v1, https://goo.gl/fbAQLP

exports[`CategoryItem tests renders correctly 1`] = `
<div>
  <div
    class="container"
  >
    <div
      class="loader"
    />
  </div>
</div>
`;
