// Jest Snapshot v1, https://goo.gl/fbAQLP

exports[`Header tests renders correctly 1`] = `
<div>
  <div>
    <div />
    <header
      class="header"
    >
      <div
        class="navbar"
      >
        <div
          class="empty"
        />
        <a
          class="homeLink"
          to="/"
        >
          <h3
            class="title"
          >
            thrift store
          </h3>
        </a>
        <div
          class="links"
        >
          <a
            class="createLink"
            to="/create"
          >
            create
          </a>
        </div>
      </div>
    </header>
  </div>
</div>
`;
